// Jest Snapshot v1, https://goo.gl/fbAQLP

exports[`Home should render correctly with data 1`] = `
<Layout
  title="Services"
>
  <Filter
    handleChange={[Function]}
  />
  <div
    className="services-container"
  >
    <ServiceListItem
      description="test_description"
      id={1}
      isActive={false}
      key="service-1"
      onClick={[Function]}
      promocode="test_promocode"
      title="test_data"
    />
  </div>
</Layout>
`;
